Copyright 1986-2022 Xilinx, Inc. All Rights Reserved. Copyright 2022-2025 Advanced Micro Devices, Inc. All Rights Reserved.
---------------------------------------------------------------------------------------------------------------------------------------------
| Tool Version : Vivado v.2025.2 (win64) Build 6299465 Fri Nov 14 19:35:11 GMT 2025
| Date         : Sun May 10 00:48:33 2026
| Host         : LAPTOP-R0BHEVVO running 64-bit major release  (build 9200)
| Command      : report_control_sets -verbose -file top_module_control_sets_placed.rpt
| Design       : top_module
| Device       : xc7a35t
---------------------------------------------------------------------------------------------------------------------------------------------

Control Set Information

Table of Contents
-----------------
1. Summary
2. Histogram
3. Flip-Flop Distribution
4. Detailed Control Set Information

1. Summary
----------

+----------------------------------------------------------+-------+
|                          Status                          | Count |
+----------------------------------------------------------+-------+
| Total control sets                                       |    22 |
|    Minimum number of control sets                        |    22 |
|    Addition due to synthesis replication                 |     0 |
|    Addition due to physical synthesis replication        |     0 |
| Unused register locations in slices containing registers |   100 |
+----------------------------------------------------------+-------+
* Control sets can be merged at opt_design using control_set_merge or merge_equivalent_drivers
** Run report_qor_suggestions for automated merging and remapping suggestions


2. Histogram
------------

+--------------------+-------+
|       Fanout       | Count |
+--------------------+-------+
| Total control sets |    22 |
| >= 0 to < 4        |     5 |
| >= 4 to < 6        |     2 |
| >= 6 to < 8        |     2 |
| >= 8 to < 10       |     4 |
| >= 10 to < 12      |     2 |
| >= 12 to < 14      |     3 |
| >= 14 to < 16      |     0 |
| >= 16              |     4 |
+--------------------+-------+
* Control sets can be remapped at either synth_design or opt_design


3. Flip-Flop Distribution
-------------------------

+--------------+-----------------------+------------------------+-----------------+--------------+
| Clock Enable | Synchronous Set/Reset | Asynchronous Set/Reset | Total Registers | Total Slices |
+--------------+-----------------------+------------------------+-----------------+--------------+
| No           | No                    | No                     |              25 |           12 |
| No           | No                    | Yes                    |               0 |            0 |
| No           | Yes                   | No                     |              60 |           23 |
| Yes          | No                    | No                     |              52 |           21 |
| Yes          | No                    | Yes                    |               0 |            0 |
| Yes          | Yes                   | No                     |              59 |           21 |
+--------------+-----------------------+------------------------+-----------------+--------------+


4. Detailed Control Set Information
-----------------------------------

+---------------------+--------------------------------------+------------------------------------+------------------+----------------+--------------+
|     Clock Signal    |             Enable Signal            |          Set/Reset Signal          | Slice Load Count | Bel Load Count | Bels / Slice |
+---------------------+--------------------------------------+------------------------------------+------------------+----------------+--------------+
|  clk_1/inst/clk_sys | config_inst/done_i_1_n_0             | reset_button/sys_reset             |                1 |              1 |         1.00 |
|  clk_1/inst/clk_sys | controller_inst/r_sioc2_out          | reset_button/sys_reset             |                1 |              1 |         1.00 |
|  clk_1/inst/clk_vga |                                      | vga_control/hsync0                 |                1 |              1 |         1.00 |
|  clk_1/inst/clk_vga |                                      | vga_control/vsync0                 |                1 |              1 |         1.00 |
|  clk_1/inst/clk_vga | vga_control/h_cnt[9]_i_1_n_0         | vga_control/v_cnt[9]_i_1_n_0       |                2 |              3 |         1.50 |
|  pclk_IBUF_BUFG     |                                      |                                    |                1 |              4 |         4.00 |
|  clk_1/inst/clk_sys | controller_inst/state[3]_i_1_n_0     | reset_button/sys_reset             |                2 |              4 |         2.00 |
|  clk_1/inst/clk_sys |                                      | reset_button/sys_reset             |                4 |              6 |         1.50 |
|  clk_1/inst/clk_vga | vga_control/h_cnt[9]_i_1_n_0         |                                    |                2 |              6 |         3.00 |
|  pclk_IBUF_BUFG     | capture/temp_0[0]                    |                                    |                5 |              8 |         1.60 |
|  clk_1/inst/clk_sys | config_inst/rom_addr[0]              | reset_button/sys_reset             |                3 |              8 |         2.67 |
|  clk_1/inst/clk_sys | controller_inst/shift_reg[7]_i_1_n_0 |                                    |                4 |              8 |         2.00 |
|  clk_1/inst/clk_sys |                                      |                                    |                5 |              9 |         1.80 |
|  clk_1/inst/clk_sys |                                      | controller_inst/clk_cnt[9]_i_1_n_0 |                3 |             10 |         3.33 |
|  clk_1/inst/clk_vga |                                      | vga_control/h_cnt[9]_i_1_n_0       |                3 |             10 |         3.33 |
|  clk_1/inst/clk_vga |                                      |                                    |                6 |             12 |         2.00 |
|  clk_1/inst/clk_vga |                                      | vga_control/vga_r[3]_i_1_n_0       |                6 |             12 |         2.00 |
|  pclk_IBUF_BUFG     | capture/dout[15]_i_1_n_0             |                                    |                6 |             13 |         2.17 |
|  pclk_IBUF_BUFG     | capture/addr[0]_i_2_n_0              | capture/we13_out                   |                5 |             17 |         3.40 |
|  clk_1/inst/clk_vga | vga_control/read_addr0               |                                    |                4 |             17 |         4.25 |
|  clk_1/inst/clk_sys |                                      | reset_button/count[0]_i_1_n_0      |                5 |             20 |         4.00 |
|  clk_1/inst/clk_sys | config_inst/reset_wait_cnt_0[0]      | reset_button/sys_reset             |                7 |             25 |         3.57 |
+---------------------+--------------------------------------+------------------------------------+------------------+----------------+--------------+


