
*** Running vivado
    with args -log top_module.vds -m64 -product Vivado -mode batch -messageDb vivado.pb -notrace -source top_module.tcl



****** Vivado v2025.2 (64-bit)
  **** SW Build 6299465 on Fri Nov 14 19:35:11 GMT 2025
  **** IP Build 6300035 on Fri Nov 14 10:48:45 MST 2025
  **** SharedData Build 6298862 on Thu Nov 13 04:50:51 MST 2025
  **** Start of session at: Mon May 11 12:58:36 2026
    ** Copyright 1986-2022 Xilinx, Inc. All Rights Reserved.
    ** Copyright 2022-2025 Advanced Micro Devices, Inc. All Rights Reserved.

source top_module.tcl -notrace
create_project: Time (s): cpu = 00:00:08 ; elapsed = 00:00:06 . Memory (MB): peak = 525.645 ; gain = 217.020
Command: read_checkpoint -auto_incremental -incremental C:/Users/Lenovo/Desktop/hw/final_project/final_project.srcs/utils_1/imports/synth_1/top_module.dcp
INFO: [Vivado 12-5825] Read reference checkpoint from C:/Users/Lenovo/Desktop/hw/final_project/final_project.srcs/utils_1/imports/synth_1/top_module.dcp for incremental synthesis
INFO: [Vivado 12-7989] Please ensure there are no constraint changes
Command: synth_design -top top_module -part xc7a35tcpg236-1
Starting synth_design
Attempting to get a license for feature 'Synthesis' and/or device 'xc7a35t'
INFO: [Common 17-349] Got license for feature 'Synthesis' and/or device 'xc7a35t'
INFO: [Device 21-403] Loading part xc7a35tcpg236-1
INFO: [Designutils 20-5440] No compile time benefit to using incremental synthesis; A full resynthesis will be run
INFO: [Designutils 20-4379] Flow is switching to default flow due to incremental criteria not met. If you would like to alter this behaviour and have the flow terminate instead, please set the following parameter config_implementation {autoIncr.Synth.RejectBehavior Terminate}
INFO: [Synth 8-7079] Multithreading enabled for synth_design using a maximum of 2 processes.
INFO: [Synth 8-7078] Launching helper process for spawning children vivado processes
INFO: [Synth 8-7075] Helper process launched with PID 20836
---------------------------------------------------------------------------------
Starting RTL Elaboration : Time (s): cpu = 00:00:05 ; elapsed = 00:00:06 . Memory (MB): peak = 1271.973 ; gain = 540.801
---------------------------------------------------------------------------------
INFO: [Synth 8-6157] synthesizing module 'top_module' [C:/Users/Lenovo/Desktop/hw/final_project/final_project.srcs/sources_1/new/top_module.v:23]
INFO: [Synth 8-6157] synthesizing module 'clk_wiz_0' [c:/Users/Lenovo/Desktop/hw/final_project/final_project.gen/sources_1/ip/clk_wiz_0/clk_wiz_0.v:67]
INFO: [Synth 8-6157] synthesizing module 'clk_wiz_0_clk_wiz' [c:/Users/Lenovo/Desktop/hw/final_project/final_project.gen/sources_1/ip/clk_wiz_0/clk_wiz_0_clk_wiz.v:67]
INFO: [Synth 8-6157] synthesizing module 'IBUF' [C:/AMDDesignTools/2025.2/Vivado/scripts/rt/data/unisim_comp.v:82804]
INFO: [Synth 8-6155] done synthesizing module 'IBUF' (0#1) [C:/AMDDesignTools/2025.2/Vivado/scripts/rt/data/unisim_comp.v:82804]
INFO: [Synth 8-6157] synthesizing module 'MMCME2_ADV' [C:/AMDDesignTools/2025.2/Vivado/scripts/rt/data/unisim_comp.v:95844]
	Parameter BANDWIDTH bound to: OPTIMIZED - type: string 
	Parameter CLKFBOUT_MULT_F bound to: 3.587500e+01 - type: double 
	Parameter CLKFBOUT_PHASE bound to: 0.000000e+00 - type: double 
	Parameter CLKFBOUT_USE_FINE_PS bound to: FALSE - type: string 
	Parameter CLKIN1_PERIOD bound to: 1.000000e+01 - type: double 
	Parameter CLKOUT0_DIVIDE_F bound to: 4.750000e+01 - type: double 
	Parameter CLKOUT0_DUTY_CYCLE bound to: 5.000000e-01 - type: double 
	Parameter CLKOUT0_PHASE bound to: 0.000000e+00 - type: double 
	Parameter CLKOUT0_USE_FINE_PS bound to: FALSE - type: string 
	Parameter CLKOUT1_DIVIDE bound to: 50 - type: integer 
	Parameter CLKOUT1_DUTY_CYCLE bound to: 5.000000e-01 - type: double 
	Parameter CLKOUT1_PHASE bound to: 0.000000e+00 - type: double 
	Parameter CLKOUT1_USE_FINE_PS bound to: FALSE - type: string 
	Parameter CLKOUT2_DIVIDE bound to: 12 - type: integer 
	Parameter CLKOUT2_DUTY_CYCLE bound to: 5.000000e-01 - type: double 
	Parameter CLKOUT2_PHASE bound to: 0.000000e+00 - type: double 
	Parameter CLKOUT2_USE_FINE_PS bound to: FALSE - type: string 
	Parameter CLKOUT4_CASCADE bound to: FALSE - type: string 
	Parameter COMPENSATION bound to: ZHOLD - type: string 
	Parameter DIVCLK_DIVIDE bound to: 3 - type: integer 
	Parameter STARTUP_WAIT bound to: FALSE - type: string 
INFO: [Synth 8-6155] done synthesizing module 'MMCME2_ADV' (0#1) [C:/AMDDesignTools/2025.2/Vivado/scripts/rt/data/unisim_comp.v:95844]
INFO: [Synth 8-6157] synthesizing module 'BUFG' [C:/AMDDesignTools/2025.2/Vivado/scripts/rt/data/unisim_comp.v:2678]
INFO: [Synth 8-6155] done synthesizing module 'BUFG' (0#1) [C:/AMDDesignTools/2025.2/Vivado/scripts/rt/data/unisim_comp.v:2678]
INFO: [Synth 8-6155] done synthesizing module 'clk_wiz_0_clk_wiz' (0#1) [c:/Users/Lenovo/Desktop/hw/final_project/final_project.gen/sources_1/ip/clk_wiz_0/clk_wiz_0_clk_wiz.v:67]
INFO: [Synth 8-6155] done synthesizing module 'clk_wiz_0' (0#1) [c:/Users/Lenovo/Desktop/hw/final_project/final_project.gen/sources_1/ip/clk_wiz_0/clk_wiz_0.v:67]
INFO: [Synth 8-6157] synthesizing module 'debouncer' [C:/Users/Lenovo/Desktop/hw/final_project/final_project.srcs/sources_1/new/debouncer.v:23]
INFO: [Synth 8-6155] done synthesizing module 'debouncer' (0#1) [C:/Users/Lenovo/Desktop/hw/final_project/final_project.srcs/sources_1/new/debouncer.v:23]
INFO: [Synth 8-6157] synthesizing module 'camera_config' [C:/Users/Lenovo/Desktop/hw/final_project/final_project.srcs/sources_1/new/camera_config.v:3]
INFO: [Synth 8-6155] done synthesizing module 'camera_config' (0#1) [C:/Users/Lenovo/Desktop/hw/final_project/final_project.srcs/sources_1/new/camera_config.v:3]
INFO: [Synth 8-6157] synthesizing module 'sccb_controller' [C:/Users/Lenovo/Desktop/hw/final_project/final_project.srcs/sources_1/new/sccb_controller.v:23]
INFO: [Synth 8-155] case statement is not full and has no default [C:/Users/Lenovo/Desktop/hw/final_project/final_project.srcs/sources_1/new/sccb_controller.v:90]
INFO: [Synth 8-155] case statement is not full and has no default [C:/Users/Lenovo/Desktop/hw/final_project/final_project.srcs/sources_1/new/sccb_controller.v:74]
INFO: [Synth 8-6155] done synthesizing module 'sccb_controller' (0#1) [C:/Users/Lenovo/Desktop/hw/final_project/final_project.srcs/sources_1/new/sccb_controller.v:23]
WARNING: [Synth 8-7071] port 'busy' of module 'sccb_controller' is unconnected for instance 'controller_inst' [C:/Users/Lenovo/Desktop/hw/final_project/final_project.srcs/sources_1/new/top_module.v:85]
WARNING: [Synth 8-7023] instance 'controller_inst' of module 'sccb_controller' has 10 connections declared, but only 9 given [C:/Users/Lenovo/Desktop/hw/final_project/final_project.srcs/sources_1/new/top_module.v:85]
INFO: [Synth 8-6157] synthesizing module 'camera_capture' [C:/Users/Lenovo/Desktop/hw/final_project/final_project.srcs/sources_1/new/camera_capture.v:23]
INFO: [Synth 8-6155] done synthesizing module 'camera_capture' (0#1) [C:/Users/Lenovo/Desktop/hw/final_project/final_project.srcs/sources_1/new/camera_capture.v:23]
INFO: [Synth 8-6157] synthesizing module 'frame_buffer' [C:/Users/Lenovo/Desktop/hw/final_project/final_project.runs/synth_1/.Xil/Vivado-23688-LAPTOP-R0BHEVVO/realtime/frame_buffer_stub.v:6]
INFO: [Synth 8-6155] done synthesizing module 'frame_buffer' (0#1) [C:/Users/Lenovo/Desktop/hw/final_project/final_project.runs/synth_1/.Xil/Vivado-23688-LAPTOP-R0BHEVVO/realtime/frame_buffer_stub.v:6]
INFO: [Synth 8-6157] synthesizing module 'vga_controller' [C:/Users/Lenovo/Desktop/hw/final_project/final_project.srcs/sources_1/new/vga_controller.v:3]
INFO: [Synth 8-6155] done synthesizing module 'vga_controller' (0#1) [C:/Users/Lenovo/Desktop/hw/final_project/final_project.srcs/sources_1/new/vga_controller.v:3]
INFO: [Synth 8-6155] done synthesizing module 'top_module' (0#1) [C:/Users/Lenovo/Desktop/hw/final_project/final_project.srcs/sources_1/new/top_module.v:23]
WARNING: [Synth 8-3917] design top_module has port rst driven by constant 1
WARNING: [Synth 8-3917] design top_module has port pwdn driven by constant 0
WARNING: [Synth 8-7129] Port frame_data[11] in module vga_controller is either unconnected or has no load
WARNING: [Synth 8-7129] Port frame_data[6] in module vga_controller is either unconnected or has no load
WARNING: [Synth 8-7129] Port frame_data[5] in module vga_controller is either unconnected or has no load
WARNING: [Synth 8-7129] Port frame_data[0] in module vga_controller is either unconnected or has no load
---------------------------------------------------------------------------------
Finished RTL Elaboration : Time (s): cpu = 00:00:07 ; elapsed = 00:00:08 . Memory (MB): peak = 1398.762 ; gain = 667.590
---------------------------------------------------------------------------------
---------------------------------------------------------------------------------
Start Handling Custom Attributes
---------------------------------------------------------------------------------
---------------------------------------------------------------------------------
Finished Handling Custom Attributes : Time (s): cpu = 00:00:07 ; elapsed = 00:00:08 . Memory (MB): peak = 1398.762 ; gain = 667.590
---------------------------------------------------------------------------------
---------------------------------------------------------------------------------
Finished RTL Optimization Phase 1 : Time (s): cpu = 00:00:07 ; elapsed = 00:00:08 . Memory (MB): peak = 1398.762 ; gain = 667.590
---------------------------------------------------------------------------------
Netlist sorting complete. Time (s): cpu = 00:00:00 ; elapsed = 00:00:00.012 . Memory (MB): peak = 1398.762 ; gain = 0.000
INFO: [Netlist 29-17] Analyzing 1 Unisim elements for replacement
INFO: [Netlist 29-28] Unisim Transformation completed in 0 CPU seconds
INFO: [Project 1-570] Preparing netlist for logic optimization

Processing XDC Constraints
Initializing timing engine
Parsing XDC File [c:/Users/Lenovo/Desktop/hw/final_project/final_project.gen/sources_1/ip/frame_buffer/frame_buffer/frame_buffer_in_context.xdc] for cell 'buffer_ram'
Finished Parsing XDC File [c:/Users/Lenovo/Desktop/hw/final_project/final_project.gen/sources_1/ip/frame_buffer/frame_buffer/frame_buffer_in_context.xdc] for cell 'buffer_ram'
Parsing XDC File [c:/Users/Lenovo/Desktop/hw/final_project/final_project.gen/sources_1/ip/clk_wiz_0/clk_wiz_0_board.xdc] for cell 'clk_1/inst'
Finished Parsing XDC File [c:/Users/Lenovo/Desktop/hw/final_project/final_project.gen/sources_1/ip/clk_wiz_0/clk_wiz_0_board.xdc] for cell 'clk_1/inst'
Parsing XDC File [c:/Users/Lenovo/Desktop/hw/final_project/final_project.gen/sources_1/ip/clk_wiz_0/clk_wiz_0.xdc] for cell 'clk_1/inst'
Finished Parsing XDC File [c:/Users/Lenovo/Desktop/hw/final_project/final_project.gen/sources_1/ip/clk_wiz_0/clk_wiz_0.xdc] for cell 'clk_1/inst'
INFO: [Project 1-236] Implementation specific constraints were found while reading constraint file [c:/Users/Lenovo/Desktop/hw/final_project/final_project.gen/sources_1/ip/clk_wiz_0/clk_wiz_0.xdc]. These constraints will be ignored for synthesis but will be used in implementation. Impacted constraints are listed in the file [.Xil/top_module_propImpl.xdc].
Resolution: To avoid this warning, move constraints listed in [.Xil/top_module_propImpl.xdc] to another XDC file and exclude this new file from synthesis with the used_in_synthesis property (File Properties dialog in GUI) and re-run elaboration/synthesis.
INFO: [Timing 38-2] Deriving generated clocks
Parsing XDC File [C:/Users/Lenovo/Desktop/hw/final_project/final_project.srcs/constrs_1/new/constraint.xdc]
Finished Parsing XDC File [C:/Users/Lenovo/Desktop/hw/final_project/final_project.srcs/constrs_1/new/constraint.xdc]
INFO: [Project 1-236] Implementation specific constraints were found while reading constraint file [C:/Users/Lenovo/Desktop/hw/final_project/final_project.srcs/constrs_1/new/constraint.xdc]. These constraints will be ignored for synthesis but will be used in implementation. Impacted constraints are listed in the file [.Xil/top_module_propImpl.xdc].
Resolution: To avoid this warning, move constraints listed in [.Xil/top_module_propImpl.xdc] to another XDC file and exclude this new file from synthesis with the used_in_synthesis property (File Properties dialog in GUI) and re-run elaboration/synthesis.
Parsing XDC File [C:/Users/Lenovo/Desktop/hw/final_project/final_project.runs/synth_1/dont_touch.xdc]
Finished Parsing XDC File [C:/Users/Lenovo/Desktop/hw/final_project/final_project.runs/synth_1/dont_touch.xdc]
INFO: [Project 1-236] Implementation specific constraints were found while reading constraint file [C:/Users/Lenovo/Desktop/hw/final_project/final_project.runs/synth_1/dont_touch.xdc]. These constraints will be ignored for synthesis but will be used in implementation. Impacted constraints are listed in the file [.Xil/top_module_propImpl.xdc].
Resolution: To avoid this warning, move constraints listed in [.Xil/top_module_propImpl.xdc] to another XDC file and exclude this new file from synthesis with the used_in_synthesis property (File Properties dialog in GUI) and re-run elaboration/synthesis.
INFO: [Timing 38-2] Deriving generated clocks
Completed Processing XDC Constraints

Netlist sorting complete. Time (s): cpu = 00:00:00 ; elapsed = 00:00:00 . Memory (MB): peak = 1475.098 ; gain = 0.000
INFO: [Project 1-111] Unisim Transformation Summary:
No Unisim elements were transformed.

Constraint Validation Runtime : Time (s): cpu = 00:00:00 ; elapsed = 00:00:00.015 . Memory (MB): peak = 1475.098 ; gain = 0.000
INFO: [Designutils 20-5440] No compile time benefit to using incremental synthesis; A full resynthesis will be run
INFO: [Designutils 20-4379] Flow is switching to default flow due to incremental criteria not met. If you would like to alter this behaviour and have the flow terminate instead, please set the following parameter config_implementation {autoIncr.Synth.RejectBehavior Terminate}
---------------------------------------------------------------------------------
Finished Constraint Validation : Time (s): cpu = 00:00:15 ; elapsed = 00:00:17 . Memory (MB): peak = 1475.098 ; gain = 743.926
---------------------------------------------------------------------------------
---------------------------------------------------------------------------------
Start Loading Part and Timing Information
---------------------------------------------------------------------------------
Loading part: xc7a35tcpg236-1
---------------------------------------------------------------------------------
Finished Loading Part and Timing Information : Time (s): cpu = 00:00:15 ; elapsed = 00:00:17 . Memory (MB): peak = 1475.098 ; gain = 743.926
---------------------------------------------------------------------------------
---------------------------------------------------------------------------------
Start Applying 'set_property' XDC Constraints
---------------------------------------------------------------------------------
---------------------------------------------------------------------------------
Finished applying 'set_property' XDC Constraints : Time (s): cpu = 00:00:15 ; elapsed = 00:00:17 . Memory (MB): peak = 1475.098 ; gain = 743.926
---------------------------------------------------------------------------------
INFO: [Synth 8-802] inferred FSM for state register 'state_reg' in module 'camera_config'
---------------------------------------------------------------------------------------------------
                   State |                     New Encoding |                Previous Encoding 
---------------------------------------------------------------------------------------------------
                 ST_IDLE |                              000 |                              000
                 ST_DONE |                              001 |                              100
            ST_WAIT_BUSY |                              010 |                              001
            ST_WAIT_DONE |                              011 |                              010
                ST_DELAY |                              100 |                              011
---------------------------------------------------------------------------------------------------
INFO: [Synth 8-3354] encoded FSM with state register 'state_reg' using encoding 'sequential' in module 'camera_config'
---------------------------------------------------------------------------------
Finished RTL Optimization Phase 2 : Time (s): cpu = 00:00:15 ; elapsed = 00:00:17 . Memory (MB): peak = 1475.098 ; gain = 743.926
---------------------------------------------------------------------------------
---------------------------------------------------------------------------------
Start RTL Component Statistics 
---------------------------------------------------------------------------------
Detailed RTL Component Info : 
+---Adders : 
	   2 Input   25 Bit       Adders := 1     
	   2 Input   17 Bit       Adders := 1     
	   3 Input   17 Bit       Adders := 1     
	   2 Input   10 Bit       Adders := 5     
	   2 Input    8 Bit       Adders := 1     
	   2 Input    4 Bit       Adders := 2     
	   2 Input    2 Bit       Adders := 1     
+---Registers : 
	               25 Bit    Registers := 1     
	               17 Bit    Registers := 2     
	               16 Bit    Registers := 1     
	               10 Bit    Registers := 5     
	                8 Bit    Registers := 3     
	                4 Bit    Registers := 5     
	                2 Bit    Registers := 1     
	                1 Bit    Registers := 19    
+---Muxes : 
	   5 Input   25 Bit        Muxes := 1     
	   2 Input   17 Bit        Muxes := 3     
	   2 Input   16 Bit        Muxes := 1     
	   7 Input    4 Bit        Muxes := 2     
	   2 Input    4 Bit        Muxes := 4     
	   5 Input    3 Bit        Muxes := 1     
	   2 Input    3 Bit        Muxes := 1     
	   7 Input    2 Bit        Muxes := 1     
	   5 Input    1 Bit        Muxes := 5     
	   7 Input    1 Bit        Muxes := 10    
	   2 Input    1 Bit        Muxes := 15    
	   4 Input    1 Bit        Muxes := 12    
	   3 Input    1 Bit        Muxes := 1     
---------------------------------------------------------------------------------
Finished RTL Component Statistics 
---------------------------------------------------------------------------------
---------------------------------------------------------------------------------
Start Part Resource Summary
---------------------------------------------------------------------------------
Part Resources:
DSPs: 90 (col length:60)
BRAMs: 100 (col length: RAMB18 60 RAMB36 30)
---------------------------------------------------------------------------------
Finished Part Resource Summary
---------------------------------------------------------------------------------
---------------------------------------------------------------------------------
Start Cross Boundary and Area Optimization
---------------------------------------------------------------------------------
WARNING: [Synth 8-6040] Register config_inst/rom_addr_idx_reg_rep driving address of a ROM cannot be packed in BRAM/URAM because of presence of initial value.
WARNING: [Synth 8-3917] design top_module has port rst driven by constant 1
WARNING: [Synth 8-3917] design top_module has port pwdn driven by constant 0
---------------------------------------------------------------------------------
Finished Cross Boundary and Area Optimization : Time (s): cpu = 00:00:18 ; elapsed = 00:00:21 . Memory (MB): peak = 1475.098 ; gain = 743.926
---------------------------------------------------------------------------------
---------------------------------------------------------------------------------
Start ROM, RAM, DSP, Shift Register and Retiming Reporting
---------------------------------------------------------------------------------

ROM: Preliminary Mapping Report
+--------------+---------------------------+---------------+----------------+
|Module Name   | RTL Object                | Depth x Width | Implemented As | 
+--------------+---------------------------+---------------+----------------+
|camera_config | rom_data_word             | 128x16        | LUT            | 
|top_module    | config_inst/rom_data_word | 128x16        | LUT            | 
+--------------+---------------------------+---------------+----------------+

---------------------------------------------------------------------------------
Finished ROM, RAM, DSP, Shift Register and Retiming Reporting
---------------------------------------------------------------------------------
---------------------------------------------------------------------------------
Start Applying XDC Timing Constraints
---------------------------------------------------------------------------------
---------------------------------------------------------------------------------
Finished Applying XDC Timing Constraints : Time (s): cpu = 00:00:23 ; elapsed = 00:00:25 . Memory (MB): peak = 1594.797 ; gain = 863.625
---------------------------------------------------------------------------------
---------------------------------------------------------------------------------
Start Timing Optimization
---------------------------------------------------------------------------------
---------------------------------------------------------------------------------
Finished Timing Optimization : Time (s): cpu = 00:00:23 ; elapsed = 00:00:26 . Memory (MB): peak = 1643.816 ; gain = 912.645
---------------------------------------------------------------------------------
---------------------------------------------------------------------------------
Start Technology Mapping
---------------------------------------------------------------------------------
---------------------------------------------------------------------------------
Finished Technology Mapping : Time (s): cpu = 00:00:23 ; elapsed = 00:00:26 . Memory (MB): peak = 1643.816 ; gain = 912.645
---------------------------------------------------------------------------------
---------------------------------------------------------------------------------
Start IO Insertion
---------------------------------------------------------------------------------
---------------------------------------------------------------------------------
Start Flattening Before IO Insertion
---------------------------------------------------------------------------------
---------------------------------------------------------------------------------
Finished Flattening Before IO Insertion
---------------------------------------------------------------------------------
---------------------------------------------------------------------------------
Start Final Netlist Cleanup
---------------------------------------------------------------------------------
---------------------------------------------------------------------------------
Finished Final Netlist Cleanup
---------------------------------------------------------------------------------
---------------------------------------------------------------------------------
Finished IO Insertion : Time (s): cpu = 00:00:27 ; elapsed = 00:00:30 . Memory (MB): peak = 1859.047 ; gain = 1127.875
---------------------------------------------------------------------------------
---------------------------------------------------------------------------------
Start Renaming Generated Instances
---------------------------------------------------------------------------------
---------------------------------------------------------------------------------
Finished Renaming Generated Instances : Time (s): cpu = 00:00:27 ; elapsed = 00:00:30 . Memory (MB): peak = 1859.047 ; gain = 1127.875
---------------------------------------------------------------------------------
---------------------------------------------------------------------------------
Start Rebuilding User Hierarchy
---------------------------------------------------------------------------------
---------------------------------------------------------------------------------
Finished Rebuilding User Hierarchy : Time (s): cpu = 00:00:27 ; elapsed = 00:00:30 . Memory (MB): peak = 1859.047 ; gain = 1127.875
---------------------------------------------------------------------------------
---------------------------------------------------------------------------------
Start Renaming Generated Ports
---------------------------------------------------------------------------------
---------------------------------------------------------------------------------
Finished Renaming Generated Ports : Time (s): cpu = 00:00:27 ; elapsed = 00:00:30 . Memory (MB): peak = 1859.047 ; gain = 1127.875
---------------------------------------------------------------------------------
---------------------------------------------------------------------------------
Start Handling Custom Attributes
---------------------------------------------------------------------------------
---------------------------------------------------------------------------------
Finished Handling Custom Attributes : Time (s): cpu = 00:00:27 ; elapsed = 00:00:30 . Memory (MB): peak = 1859.047 ; gain = 1127.875
---------------------------------------------------------------------------------
---------------------------------------------------------------------------------
Start Renaming Generated Nets
---------------------------------------------------------------------------------
---------------------------------------------------------------------------------
Finished Renaming Generated Nets : Time (s): cpu = 00:00:27 ; elapsed = 00:00:30 . Memory (MB): peak = 1859.047 ; gain = 1127.875
---------------------------------------------------------------------------------
---------------------------------------------------------------------------------
Start Writing Synthesis Report
---------------------------------------------------------------------------------

Report BlackBoxes: 
+------+--------------+----------+
|      |BlackBox name |Instances |
+------+--------------+----------+
|1     |frame_buffer  |         1|
+------+--------------+----------+

Report Cell Usage: 
+------+-------------+------+
|      |Cell         |Count |
+------+-------------+------+
|1     |frame_buffer |     1|
|2     |BUFG         |     5|
|3     |CARRY4       |    18|
|4     |LUT1         |    30|
|5     |LUT2         |    33|
|6     |LUT3         |    22|
|7     |LUT4         |    62|
|8     |LUT5         |    30|
|9     |LUT6         |    80|
|10    |MMCME2_ADV   |     1|
|11    |MUXF7        |     6|
|12    |FDRE         |   190|
|13    |FDSE         |     3|
|14    |IBUF         |    13|
|15    |OBUF         |    20|
|16    |OBUFT        |     1|
+------+-------------+------+
---------------------------------------------------------------------------------
Finished Writing Synthesis Report : Time (s): cpu = 00:00:27 ; elapsed = 00:00:30 . Memory (MB): peak = 1859.047 ; gain = 1127.875
---------------------------------------------------------------------------------
Synthesis finished with 0 errors, 0 critical warnings and 3 warnings.
Synthesis Optimization Runtime : Time (s): cpu = 00:00:18 ; elapsed = 00:00:28 . Memory (MB): peak = 1859.047 ; gain = 1051.539
Synthesis Optimization Complete : Time (s): cpu = 00:00:27 ; elapsed = 00:00:30 . Memory (MB): peak = 1859.047 ; gain = 1127.875
INFO: [Project 1-571] Translating synthesized netlist
Netlist sorting complete. Time (s): cpu = 00:00:00 ; elapsed = 00:00:00.005 . Memory (MB): peak = 1859.047 ; gain = 0.000
INFO: [Netlist 29-17] Analyzing 25 Unisim elements for replacement
INFO: [Netlist 29-28] Unisim Transformation completed in 0 CPU seconds
INFO: [Project 1-570] Preparing netlist for logic optimization
INFO: [Opt 31-138] Pushed 0 inverter(s) to 0 load pin(s).
Netlist sorting complete. Time (s): cpu = 00:00:00 ; elapsed = 00:00:00 . Memory (MB): peak = 1868.609 ; gain = 0.000
INFO: [Project 1-111] Unisim Transformation Summary:
No Unisim elements were transformed.

Synth Design complete | Checksum: 9baacc25
INFO: [Common 17-83] Releasing license: Synthesis
55 Infos, 11 Warnings, 0 Critical Warnings and 0 Errors encountered.
synth_design completed successfully
synth_design: Time (s): cpu = 00:00:32 ; elapsed = 00:00:53 . Memory (MB): peak = 1868.609 ; gain = 1326.711
Write ShapeDB Complete: Time (s): cpu = 00:00:00 ; elapsed = 00:00:00.002 . Memory (MB): peak = 1868.609 ; gain = 0.000
INFO: [Common 17-1381] The checkpoint 'C:/Users/Lenovo/Desktop/hw/final_project/final_project.runs/synth_1/top_module.dcp' has been generated.
INFO: [Vivado 12-24828] Executing command : report_utilization -file top_module_utilization_synth.rpt -pb top_module_utilization_synth.pb
INFO: [Common 17-206] Exiting Vivado at Mon May 11 12:59:40 2026...
